
> dev
> react-router dev

[restart] Relaunching with NODE_OPTIONS: --conditions=development
  ➜  Local:   http://localhost:5173/
  ➜  Network: use --host to expose
11:24:53 PM [vite] (ssr) connected.
11:26:55 PM [vite] (client) hmr update /app/components/roadmap.tsx
11:26:55 PM [vite] (client) hmr update /app/components/roadmap.tsx
11:26:55 PM [vite] (client) hmr update /app/app.css, /app/components/roadmap.tsx
11:26:55 PM [vite] (ssr) page reload app/components/roadmap.tsx
11:26:55 PM [vite] (ssr) program reload
11:36:52 PM [vite] (ssr) program reload
11:44:29 PM [vite] (client) hmr update /app/routes/home.tsx, /app/components/site-footer.tsx, /app/routes/formations.$slug.tsx, /app/components/roadmap.tsx, /app/routes/formations._index.tsx
11:44:29 PM [vite] (client) hmr update /app/routes/home.tsx, /app/components/site-footer.tsx, /app/routes/formations.$slug.tsx, /app/components/roadmap.tsx, /app/routes/formations._index.tsx
11:44:29 PM [vite] (client) hmr update /app/routes/home.tsx, /app/components/site-footer.tsx, /app/routes/formations.$slug.tsx, /app/components/roadmap.tsx, /app/routes/formations._index.tsx, /app/app.css
11:44:29 PM [vite] (ssr) page reload app/data/formations.ts
11:44:29 PM [vite] (ssr) program reload
11:44:44 PM [vite] (client) hmr update /app/routes/home.tsx, /app/components/site-footer.tsx, /app/routes/formations.$slug.tsx, /app/components/roadmap.tsx, /app/routes/formations._index.tsx
11:44:44 PM [vite] (client) hmr update /app/routes/home.tsx, /app/components/site-footer.tsx, /app/routes/formations.$slug.tsx, /app/components/roadmap.tsx, /app/routes/formations._index.tsx
11:44:44 PM [vite] (client) hmr update /app/routes/home.tsx, /app/components/site-footer.tsx, /app/routes/formations.$slug.tsx, /app/components/roadmap.tsx, /app/routes/formations._index.tsx, /app/app.css
11:44:44 PM [vite] (ssr) page reload app/data/formations.ts
11:44:44 PM [vite] (ssr) program reload
11:45:47 PM [vite] (client) hmr update /app/app.css
11:45:47 PM [vite] (client) hmr update /app/app.css
11:45:47 PM [vite] (client) hmr update /app/app.css
11:45:47 PM [vite] (ssr) hmr update /app/app.css
11:51:49 PM [vite] (client) hmr update /app/root.tsx
11:51:49 PM [vite] (client) hmr update /app/root.tsx
11:51:49 PM [vite] (client) hmr update /app/root.tsx, /app/app.css
11:51:49 PM [vite] (ssr) page reload app/root.tsx
11:51:49 PM [vite] (ssr) program reload
11:52:30 PM [vite] (client) hmr update /app/components/site-footer.tsx
11:52:30 PM [vite] (client) hmr update /app/components/site-footer.tsx
11:52:30 PM [vite] (client) hmr update /app/components/site-footer.tsx, /app/app.css
11:52:30 PM [vite] (ssr) page reload app/components/site-footer.tsx
11:52:30 PM [vite] (ssr) program reload
11:53:05 PM [vite] (client) hmr update /app/components/site-footer.tsx
11:53:05 PM [vite] (client) hmr update /app/components/site-footer.tsx
11:53:05 PM [vite] (client) hmr update /app/components/site-footer.tsx, /app/app.css
11:53:05 PM [vite] (ssr) page reload app/components/site-footer.tsx
11:53:05 PM [vite] (ssr) program reload
11:53:26 PM [vite] (client) hmr update /app/components/site-header.tsx
11:53:26 PM [vite] (client) hmr update /app/components/site-header.tsx
11:53:26 PM [vite] (client) hmr update /app/components/site-header.tsx, /app/app.css
11:53:26 PM [vite] (ssr) page reload app/components/site-header.tsx
11:53:26 PM [vite] (ssr) program reload
11:53:36 PM [vite] (client) hmr update /app/components/roadmap.tsx
11:53:36 PM [vite] (client) hmr update /app/components/roadmap.tsx
11:53:36 PM [vite] (client) hmr update /app/app.css, /app/components/roadmap.tsx
11:53:36 PM [vite] (ssr) page reload app/components/roadmap.tsx
11:53:36 PM [vite] (ssr) program reload
